// Jest Snapshot v1, https://goo.gl/fbAQLP

exports[`The ArticleList renders correctly 1`] = `
<div
  style={
    Object {
      "margin": "20px",
      "textAlign": "center",
    }
  }
>
  <div
    className="articles"
  >
    <div
      className="article"
    >
      <div
        className="h2"
      >
        Article One
      </div>
      <div
        className="date"
      >
        01/01/2018
      </div>
      <div>
        <a
          className="website"
          href="https://github.com/dfederspiel"
        >
          David
           
          Federspiel
          's GitHub Account
        </a>
      </div>
      <div
        className="body"
      >
        This is an article about Ones's :)
      </div>
    </div>
    <div
      className="article"
    >
      <div
        className="h2"
      >
        Article Two
      </div>
      <div
        className="date"
      >
        01/05/2018
      </div>
      <div>
        <a
          className="website"
          href="https://github.com/dfederspiel"
        >
          David
           
          Federspiel
          's GitHub Account
        </a>
      </div>
      <div
        className="body"
      >
        This is an article about Two's
      </div>
    </div>
    <div
      className="article"
    >
      <div
        className="h2"
      >
        Article Three
      </div>
      <div
        className="date"
      >
        02/06/2018
      </div>
      <div>
        <a
          className="website"
          href="https://github.com/dfederspiel"
        >
          David
           
          Federspiel
          's GitHub Account
        </a>
      </div>
      <div
        className="body"
      >
        This is an article about Three's
      </div>
    </div>
    <div
      className="article"
    >
      <div
        className="h2"
      >
        Article Four
      </div>
      <div
        className="date"
      >
        02/06/2019
      </div>
      <div>
        <a
          className="website"
          href="https://github.com/github"
        >
          Git
           
          Hub
          's GitHub Account
        </a>
      </div>
      <div
        className="body"
      >
        This is an article about Four's
      </div>
    </div>
    <div
      className="article"
    >
      <div
        className="h2"
      >
        Article Five
      </div>
      <div
        className="date"
      >
        02/06/2019
      </div>
      <div>
        <a
          className="website"
          href="https://github.com/matthewtruty"
        >
          Matt
           
          Truty
          's GitHub Account
        </a>
      </div>
      <div
        className="body"
      >
        This is an article about Matt
      </div>
    </div>
  </div>
  <button
    onClick={[Function]}
    type="button"
  >
    Update
  </button>
</div>
`;
